ERRORS (0) found

WARNINGS (64) found
��D:\wqz\code\NoCodeMotion\ViewModels\FlowRunnerService.cs(89,51): warning CS8618: f�)1� � Q��p/p���r�V��Hri�|\	{Y��� null (�?\m)["k "LineChanged" G�tT0V�mT�`��?null J�:{� �P��p��Q�j#Z���Y "required" �m���0�~=��WOp�U�� \m)["k �oHr�i�m�Tr_�m?null��?[D:\wqz\code\NoCodeMotion\NoCodeMotion_wplz2txe_wpftmp.csproj]
D:\wqz\code\NoCodeMotion\ViewModels\FlowRunnerService.cs(90,46): warning CS8618: f�)1� � Q��p/p���r�V��Hri�|\	{Y��� null (�?\m)["k "RunEnded" G�tT0V�mT�`��?null J�:{� �P��p��Q�j#Z���Y "required" �m���0�~=��WOp�U�� \m)["k �oHr�i�m�Tr_�m?null��?[D:\wqz\code\NoCodeMotion\NoCodeMotion_wplz2txe_wpftmp.csproj]
D:\wqz\code\NoCodeMotion\ViewModels\FlowRunnerService.cs(180,79): warning CS8604: %��mlowExecutor.FlowExecutor(FlowItem flow, int index, List<FlowStep> steps, FlowRunControl ctrl, Action<string, LogLevel> log, Action<int, string, string> onStep)%��oQ�(��R0�Y��P� nog%��or_s�b6}O�?null �[�fde9p�p,_��?[D:\wqz\code\NoCodeMotion\NoCodeMotion_wplz2txe_wpftmp.csproj]
D:\wqz\code\NoCodeMotion\ViewModels\FlowRunnerService.cs(521,16): warning CS8618: f�)1� � Q��p/p���r�V��Hri�|\	{Y��� null (�?pAi�� "_lastCurrent" G�tT0V�mT�`��?null J�:{� �P��p��Q�j#Z���Y "required" �m���0�~=��WOp�U�� pAi�� �oHr�i�m�Tr_�m?null��?[D:\wqz\code\NoCodeMotion\NoCodeMotion_wplz2txe_wpftmp.csproj]
D:\wqz\code\NoCodeMotion\ViewModels\FlowRunnerService.cs(270,47): warning CS8600: Op?null ���Vpn��'hr_s�Lu�k null J�p�Fm��m���m�]r_�m?null �~��7p��?[D:\wqz\code\NoCodeMotion\NoCodeMotion_wplz2txe_wpftmp.csproj]
D:\wqz\code\NoCodeMotion\ViewModels\FlowRunnerService.cs(271,52): warning CS8600: Op?null ���Vpn��'hr_s�Lu�k null J�p�Fm��m���m�]r_�m?null �~��7p��?[D:\wqz\code\NoCodeMotion\NoCodeMotion_wplz2txe_wpftmp.csproj]
D:\wqz\code\NoCodeMotion\ViewModels\FlowRunnerService.cs(290,74): warning CS8600: Op?null ���Vpn��'hr_s�Lu�k null J�p�Fm��m���m�]r_�m?null �~��7p��?[D:\wqz\code\NoCodeMotion\NoCodeMotion_wplz2txe_wpftmp.csproj]
D:\wqz\code\NoCodeMotion\ViewModels\FlowRunnerService.cs(340,48): warning CS8600: Op?null ���Vpn��'hr_s�Lu�k null J�p�Fm��m���m�]r_�m?null �~��7p��?[D:\wqz\code\NoCodeMotion\NoCodeMotion_wplz2txe_wpftmp.csproj]
D:\wqz\code\NoCodeMotion\ViewModels\FlowRunnerService.cs(536,32): warning CS8625: ���rvxOp?null pEipo���_Fm��m����?null (��R)}"�'1��h�([� ?[D:\wqz\code\NoCodeMotion\NoCodeMotion_wplz2txe_wpftmp.csproj]
D:\wqz\code\NoCodeMotion\ViewModels\FlowRunnerService.cs(802,30): warning CS8600: Op?null ���Vpn��'hr_s�Lu�k null J�p�Fm��m���m�]r_�m?null �~��7p��?[D:\wqz\code\NoCodeMotion\NoCodeMotion_wplz2txe_wpftmp.csproj]
D:\wqz\code\NoCodeMotion\ViewModels\FlowRunnerService.cs(803,53): warning CS8600: Op?null ���Vpn��'hr_s�Lu�k null J�p�Fm��m���m�]r_�m?null �~��7p��?[D:\wqz\code\NoCodeMotion\NoCodeMotion_wplz2txe_wpftmp.csproj]
D:\wqz\code\NoCodeMotion\ViewModels\FlowRunnerService.cs(804,38): warning CS8600: Op?null ���Vpn��'hr_s�Lu�k null J�p�Fm��m���m�]r_�m?null �~��7p��?[D:\wqz\code\NoCodeMotion\NoCodeMotion_wplz2txe_wpftmp.csproj]
D:\wqz\code\NoCodeMotion\Services\Vision\VisionEngine.cs(144,101): warning CS8601: Y��XQ(�?null �[�fde�t*[� :{� ?[D:\wqz\code\NoCodeMotion\NoCodeMotion_wplz2txe_wpftmp.csproj]
D:\wqz\code\NoCodeMotion\ViewModels\OperatorViewModel.cs(700,13): warning CS8602: YtE�)}"�%1r_s����V�nb%�[�fde��?[D:\wqz\code\NoCodeMotion\NoCodeMotion_wplz2txe_wpftmp.csproj]
D:\wqz\code\NoCodeMotion\ViewModels\OperatorViewModel.cs(711,13): warning CS8602: YtE�)}"�%1r_s����V�nb%�[�fde��?[D:\wqz\code\NoCodeMotion\NoCodeMotion_wplz2txe_wpftmp.csproj]
D:\wqz\code\NoCodeMotion\ViewModels\OperatorViewModel.cs(45,24): warning CS0414: pAi��%��mperatorViewModel._timingClockMs%��o�Qt��tyJ�wx}cm�U�|��C�Z"�(1C~9p�Q�kJ�?[D:\wqz\code\NoCodeMotion\NoCodeMotion_wplz2txe_wpftmp.csproj]
D:\wqz\code\NoCodeMotion\ViewModels\FlowRunnerService.cs(89,51): warning CS8618: f�)1� � Q��p/p���r�V��Hri�|\	{Y��� null (�?\m)["k "LineChanged" G�tT0V�mT�`��?null J�:{� �P��p��Q�j#Z���Y "required" �m���0�~=��WOp�U�� \m)["k �oHr�i�m�Tr_�m?null��?[D:\wqz\code\NoCodeMotion\NoCodeMotion.csproj]
D:\wqz\code\NoCodeMotion\ViewModels\FlowRunnerService.cs(90,46): warning CS8618: f�)1� � Q��p/p���r�V��Hri�|\	{Y��� null (�?\m)["k "RunEnded" G�tT0V�mT�`��?null J�:{� �P��p��Q�j#Z���Y "required" �m���0�~=��WOp�U�� \m)["k �oHr�i�m�Tr_�m?null��?[D:\wqz\code\NoCodeMotion\NoCodeMotion.csproj]
D:\wqz\code\NoCodeMotion\ViewModels\FlowRunnerService.cs(521,16): warning CS8618: f�)1� � Q��p/p���r�V��Hri�|\	{Y��� null (�?pAi�� "_lastCurrent" G�tT0V�mT�`��?null J�:{� �P��p��Q�j#Z���Y "required" �m���0�~=��WOp�U�� pAi�� �oHr�i�m�Tr_�m?null��?[D:\wqz\code\NoCodeMotion\NoCodeMotion.csproj]
D:\wqz\code\NoCodeMotion\ViewModels\FlowRunnerService.cs(536,32): warning CS8625: ���rvxOp?null pEipo���_Fm��m����?null (��R)}"�'1��h�([� ?[D:\wqz\code\NoCodeMotion\NoCodeMotion.csproj]
D:\wqz\code\NoCodeMotion\Services\Vision\VisionEngine.cs(144,101): warning CS8601: Y��XQ(�?null �[�fde�t*[� :{� ?[D:\wqz\code\NoCodeMotion\NoCodeMotion.csproj]
D:\wqz\code\NoCodeMotion\ViewModels\OperatorViewModel.cs(700,13): warning CS8602: YtE�)}"�%1r_s����V�nb%�[�fde��?[D:\wqz\code\NoCodeMotion\NoCodeMotion.csproj]
D:\wqz\code\NoCodeMotion\ViewModels\OperatorViewModel.cs(711,13): warning CS8602: YtE�)}"�%1r_s����V�nb%�[�fde��?[D:\wqz\code\NoCodeMotion\NoCodeMotion.csproj]
D:\wqz\code\NoCodeMotion\ViewModels\FlowRunnerService.cs(180,79): warning CS8604: %��mlowExecutor.FlowExecutor(FlowItem flow, int index, List<FlowStep> steps, FlowRunControl ctrl, Action<string, LogLevel> log, Action<int, string, string> onStep)%��oQ�(��R0�Y��P� nog%��or_s�b6}O�?null �[�fde9p�p,_��?[D:\wqz\code\NoCodeMotion\NoCodeMotion.csproj]
D:\wqz\code\NoCodeMotion\ViewModels\FlowRunnerService.cs(270,47): warning CS8600: Op?null ���Vpn��'hr_s�Lu�k null J�p�Fm��m���m�]r_�m?null �~��7p��?[D:\wqz\code\NoCodeMotion\NoCodeMotion.csproj]
D:\wqz\code\NoCodeMotion\ViewModels\FlowRunnerService.cs(271,52): warning CS8600: Op?null ���Vpn��'hr_s�Lu�k null J�p�Fm��m���m�]r_�m?null �~��7p��?[D:\wqz\code\NoCodeMotion\NoCodeMotion.csproj]
D:\wqz\code\NoCodeMotion\ViewModels\FlowRunnerService.cs(290,74): warning CS8600: Op?null ���Vpn��'hr_s�Lu�k null J�p�Fm��m���m�]r_�m?null �~��7p��?[D:\wqz\code\NoCodeMotion\NoCodeMotion.csproj]
D:\wqz\code\NoCodeMotion\ViewModels\FlowRunnerService.cs(340,48): warning CS8600: Op?null ���Vpn��'hr_s�Lu�k null J�p�Fm��m���m�]r_�m?null �~��7p��?[D:\wqz\code\NoCodeMotion\NoCodeMotion.csproj]
D:\wqz\code\NoCodeMotion\ViewModels\FlowRunnerService.cs(802,30): warning CS8600: Op?null ���Vpn��'hr_s�Lu�k null J�p�Fm��m���m�]r_�m?null �~��7p��?[D:\wqz\code\NoCodeMotion\NoCodeMotion.csproj]
D:\wqz\code\NoCodeMotion\ViewModels\FlowRunnerService.cs(803,53): warning CS8600: Op?null ���Vpn��'hr_s�Lu�k null J�p�Fm��m���m�]r_�m?null �~��7p��?[D:\wqz\code\NoCodeMotion\NoCodeMotion.csproj]
D:\wqz\code\NoCodeMotion\ViewModels\FlowRunnerService.cs(804,38): warning CS8600: Op?null ���Vpn��'hr_s�Lu�k null J�p�Fm��m���m�]r_�m?null �~��7p��?[D:\wqz\code\NoCodeMotion\NoCodeMotion.csproj]
D:\wqz\code\NoCodeMotion\ViewModels\OperatorViewModel.cs(45,24): warning CS0414: pAi��%��mperatorViewModel._timingClockMs%��o�Qt��tyJ�wx}cm�U�|��C�Z"�(1C~9p�Q�kJ�?[D:\wqz\code\NoCodeMotion\NoCodeMotion.csproj]
D:\wqz\code\NoCodeMotion\ViewModels\FlowRunnerService.cs(89,51): warning CS8618: f�)1� � Q��p/p���r�V��Hri�|\	{Y��� null (�?\m)["k "LineChanged" G�tT0V�mT�`��?null J�:{� �P��p��Q�j#Z���Y "required" �m���0�~=��WOp�U�� \m)["k �oHr�i�m�Tr_�m?null��?[D:\wqz\code\NoCodeMotion\NoCodeMotion_wplz2txe_wpftmp.csproj]
D:\wqz\code\NoCodeMotion\ViewModels\FlowRunnerService.cs(90,46): warning CS8618: f�)1� � Q��p/p���r�V��Hri�|\	{Y��� null (�?\m)["k "RunEnded" G�tT0V�mT�`��?null J�:{� �P��p��Q�j#Z���Y "required" �m���0�~=��WOp�U�� \m)["k �oHr�i�m�Tr_�m?null��?[D:\wqz\code\NoCodeMotion\NoCodeMotion_wplz2txe_wpftmp.csproj]
D:\wqz\code\NoCodeMotion\ViewModels\FlowRunnerService.cs(180,79): warning CS8604: %��mlowExecutor.FlowExecutor(FlowItem flow, int index, List<FlowStep> steps, FlowRunControl ctrl, Action<string, LogLevel> log, Action<int, string, string> onStep)%��oQ�(��R0�Y��P� nog%��or_s�b6}O�?null �[�fde9p�p,_��?[D:\wqz\code\NoCodeMotion\NoCodeMotion_wplz2txe_wpftmp.csproj]
D:\wqz\code\NoCodeMotion\ViewModels\FlowRunnerService.cs(521,16): warning CS8618: f�)1� � Q��p/p���r�V��Hri�|\	{Y��� null (�?pAi�� "_lastCurrent" G�tT0V�mT�`��?null J�:{� �P��p��Q�j#Z���Y "required" �m���0�~=��WOp�U�� pAi�� �oHr�i�m�Tr_�m?null��?[D:\wqz\code\NoCodeMotion\NoCodeMotion_wplz2txe_wpftmp.csproj]
D:\wqz\code\NoCodeMotion\ViewModels\FlowRunnerService.cs(270,47): warning CS8600: Op?null ���Vpn��'hr_s�Lu�k null J�p�Fm��m���m�]r_�m?null �~��7p��?[D:\wqz\code\NoCodeMotion\NoCodeMotion_wplz2txe_wpftmp.csproj]
D:\wqz\code\NoCodeMotion\ViewModels\FlowRunnerService.cs(271,52): warning CS8600: Op?null ���Vpn��'hr_s�Lu�k null J�p�Fm��m���m�]r_�m?null �~��7p��?[D:\wqz\code\NoCodeMotion\NoCodeMotion_wplz2txe_wpftmp.csproj]
D:\wqz\code\NoCodeMotion\ViewModels\FlowRunnerService.cs(290,74): warning CS8600: Op?null ���Vpn��'hr_s�Lu�k null J�p�Fm��m���m�]r_�m?null �~��7p��?[D:\wqz\code\NoCodeMotion\NoCodeMotion_wplz2txe_wpftmp.csproj]
D:\wqz\code\NoCodeMotion\ViewModels\FlowRunnerService.cs(340,48): warning CS8600: Op?null ���Vpn��'hr_s�Lu�k null J�p�Fm��m���m�]r_�m?null �~��7p��?[D:\wqz\code\NoCodeMotion\NoCodeMotion_wplz2txe_wpftmp.csproj]

LAST 25 LINES
D:\wqz\code\NoCodeMotion\ViewModels\FlowRunnerService.cs(804,38): warning CS8600: Op?null ���Vpn��'hr_s�Lu�k null J�p�Fm��m���m�]r_�m?null �~��7p��?[D:\wqz\code\NoCodeMotion\NoCodeMotion_wplz2txe_wpftmp.csproj]
D:\wqz\code\NoCodeMotion\Services\Vision\VisionEngine.cs(144,101): warning CS8601: Y��XQ(�?null �[�fde�t*[� :{� ?[D:\wqz\code\NoCodeMotion\NoCodeMotion_wplz2txe_wpftmp.csproj]
D:\wqz\code\NoCodeMotion\ViewModels\OperatorViewModel.cs(700,13): warning CS8602: YtE�)}"�%1r_s����V�nb%�[�fde��?[D:\wqz\code\NoCodeMotion\NoCodeMotion_wplz2txe_wpftmp.csproj]
D:\wqz\code\NoCodeMotion\ViewModels\OperatorViewModel.cs(711,13): warning CS8602: YtE�)}"�%1r_s����V�nb%�[�fde��?[D:\wqz\code\NoCodeMotion\NoCodeMotion_wplz2txe_wpftmp.csproj]
D:\wqz\code\NoCodeMotion\ViewModels\OperatorViewModel.cs(45,24): warning CS0414: pAi��%��mperatorViewModel._timingClockMs%��o�Qt��tyJ�wx}cm�U�|��C�Z"�(1C~9p�Q�kJ�?[D:\wqz\code\NoCodeMotion\NoCodeMotion_wplz2txe_wpftmp.csproj]
D:\wqz\code\NoCodeMotion\ViewModels\FlowRunnerService.cs(89,51): warning CS8618: f�)1� � Q��p/p���r�V��Hri�|\	{Y��� null (�?\m)["k "LineChanged" G�tT0V�mT�`��?null J�:{� �P��p��Q�j#Z���Y "required" �m���0�~=��WOp�U�� \m)["k �oHr�i�m�Tr_�m?null��?[D:\wqz\code\NoCodeMotion\NoCodeMotion.csproj]
D:\wqz\code\NoCodeMotion\ViewModels\FlowRunnerService.cs(90,46): warning CS8618: f�)1� � Q��p/p���r�V��Hri�|\	{Y��� null (�?\m)["k "RunEnded" G�tT0V�mT�`��?null J�:{� �P��p��Q�j#Z���Y "required" �m���0�~=��WOp�U�� \m)["k �oHr�i�m�Tr_�m?null��?[D:\wqz\code\NoCodeMotion\NoCodeMotion.csproj]
D:\wqz\code\NoCodeMotion\ViewModels\FlowRunnerService.cs(521,16): warning CS8618: f�)1� � Q��p/p���r�V��Hri�|\	{Y��� null (�?pAi�� "_lastCurrent" G�tT0V�mT�`��?null J�:{� �P��p��Q�j#Z���Y "required" �m���0�~=��WOp�U�� pAi�� �oHr�i�m�Tr_�m?null��?[D:\wqz\code\NoCodeMotion\NoCodeMotion.csproj]
D:\wqz\code\NoCodeMotion\ViewModels\FlowRunnerService.cs(536,32): warning CS8625: ���rvxOp?null pEipo���_Fm��m����?null (��R)}"�'1��h�([� ?[D:\wqz\code\NoCodeMotion\NoCodeMotion.csproj]
D:\wqz\code\NoCodeMotion\Services\Vision\VisionEngine.cs(144,101): warning CS8601: Y��XQ(�?null �[�fde�t*[� :{� ?[D:\wqz\code\NoCodeMotion\NoCodeMotion.csproj]
D:\wqz\code\NoCodeMotion\ViewModels\OperatorViewModel.cs(700,13): warning CS8602: YtE�)}"�%1r_s����V�nb%�[�fde��?[D:\wqz\code\NoCodeMotion\NoCodeMotion.csproj]
D:\wqz\code\NoCodeMotion\ViewModels\OperatorViewModel.cs(711,13): warning CS8602: YtE�)}"�%1r_s����V�nb%�[�fde��?[D:\wqz\code\NoCodeMotion\NoCodeMotion.csproj]
D:\wqz\code\NoCodeMotion\ViewModels\FlowRunnerService.cs(180,79): warning CS8604: %��mlowExecutor.FlowExecutor(FlowItem flow, int index, List<FlowStep> steps, FlowRunControl ctrl, Action<string, LogLevel> log, Action<int, string, string> onStep)%��oQ�(��R0�Y��P� nog%��or_s�b6}O�?null �[�fde9p�p,_��?[D:\wqz\code\NoCodeMotion\NoCodeMotion.csproj]
D:\wqz\code\NoCodeMotion\ViewModels\FlowRunnerService.cs(270,47): warning CS8600: Op?null ���Vpn��'hr_s�Lu�k null J�p�Fm��m���m�]r_�m?null �~��7p��?[D:\wqz\code\NoCodeMotion\NoCodeMotion.csproj]
D:\wqz\code\NoCodeMotion\ViewModels\FlowRunnerService.cs(271,52): warning CS8600: Op?null ���Vpn��'hr_s�Lu�k null J�p�Fm��m���m�]r_�m?null �~��7p��?[D:\wqz\code\NoCodeMotion\NoCodeMotion.csproj]
D:\wqz\code\NoCodeMotion\ViewModels\FlowRunnerService.cs(290,74): warning CS8600: Op?null ���Vpn��'hr_s�Lu�k null J�p�Fm��m���m�]r_�m?null �~��7p��?[D:\wqz\code\NoCodeMotion\NoCodeMotion.csproj]
D:\wqz\code\NoCodeMotion\ViewModels\FlowRunnerService.cs(340,48): warning CS8600: Op?null ���Vpn��'hr_s�Lu�k null J�p�Fm��m���m�]r_�m?null �~��7p��?[D:\wqz\code\NoCodeMotion\NoCodeMotion.csproj]
D:\wqz\code\NoCodeMotion\ViewModels\FlowRunnerService.cs(802,30): warning CS8600: Op?null ���Vpn��'hr_s�Lu�k null J�p�Fm��m���m�]r_�m?null �~��7p��?[D:\wqz\code\NoCodeMotion\NoCodeMotion.csproj]
D:\wqz\code\NoCodeMotion\ViewModels\FlowRunnerService.cs(803,53): warning CS8600: Op?null ���Vpn��'hr_s�Lu�k null J�p�Fm��m���m�]r_�m?null �~��7p��?[D:\wqz\code\NoCodeMotion\NoCodeMotion.csproj]
D:\wqz\code\NoCodeMotion\ViewModels\FlowRunnerService.cs(804,38): warning CS8600: Op?null ���Vpn��'hr_s�Lu�k null J�p�Fm��m���m�]r_�m?null �~��7p��?[D:\wqz\code\NoCodeMotion\NoCodeMotion.csproj]
D:\wqz\code\NoCodeMotion\ViewModels\OperatorViewModel.cs(45,24): warning CS0414: pAi��%��mperatorViewModel._timingClockMs%��o�Qt��tyJ�wx}cm�U�|��C�Z"�(1C~9p�Q�kJ�?[D:\wqz\code\NoCodeMotion\NoCodeMotion.csproj]
    32 �mG��[�?
    0 �mH�Je�t?

�[,�de��X�h 00:00:10.18
